// Jest Snapshot v1, https://goo.gl/fbAQLP

exports[`<CompanyPage /> should not regress 1`] = `
<WithStyles(PaperFrame)
  headerText="Company Information"
  icon={<pure(ViewHeadlineOutlinedIcon) />}
>
  <withSaga(withReducer(Connect(ViewCompany)))
    id="1"
  />
</WithStyles(PaperFrame)>
`;
