// Jest Snapshot v1, https://goo.gl/fbAQLP

exports[`<SubmitErrorField /> should not regress 1`] = `
<div>
   test error message 
</div>
`;
